// Jest Snapshot v1, https://goo.gl/fbAQLP

exports[`Should render proper data 1`] = `
<div>
  <p>
    Gum
  </p>
  <p>
    $0.01
  </p>
  <p>
    1st, January, 1970
  </p>
  <Link
    replace={false}
    to="/edit/1"
  >
    Edit
  </Link>
</div>
`;
