// Jest Snapshot v1, https://goo.gl/fbAQLP

exports[`Should render not found page 1`] = `
<div>
  <Link
    replace={false}
    to="/"
  >
    404- Home page
  </Link>
</div>
`;
